> echo hello
-> data: hello
-> data.hex: 68656C6C6F

> info
-> data: {"size":0}
-> data.hex: 7B2273697A65223A307D

> commit

> deliver_tx "abc"

> info
-> data: {"size":1}
-> data.hex: 7B2273697A65223A317D

> commit
-> data: IßÑ\Í¬Þ®—(ËûµèhŒ¥‹‘
-> data.hex: 49DFD15CCDACDEAE9728CB01FBB5E8688CA58B91

> query "abc"
-> log: exists
-> height: 0
-> value: abc
-> value.hex: 616263

> deliver_tx "def=xyz"

> commit
-> data: p-³"€7?¿?Ÿ‰Ú* Î,Ö+
-> data.hex: 70102DB32280373FBF3F9F89DA2A20CE2CD62B0B

> query "def"
-> log: exists
-> height: 0
-> value: xyz
-> value.hex: 78797A

